=====================================================================
 Genetic Epidemiology main figures — rebuild (Figure 1-4)
 repo      : /app
 data      : /app/data/derived
 output    : /out
 python    : /opt/conda/envs/twas-eqtl/bin/python3
=====================================================================

== 0. Preflight ==
  [ ok ] python module: numpy
  [ ok ] python module: scipy
  [ ok ] python module: matplotlib
  [ ok ] python module: PIL

== 1. Filename view of data/derived/ that the figure scripts read ==
  [ ok ] primary_arm_96pairs_official.csv  <-  data/derived/primary_arm_96pairs.csv
  [ ok ] gtex_official_Z.csv  <-  data/derived/gtex_Z.csv
  [ ok ] scz_z_4arm_official.csv  <-  data/derived/scz_z_4arm.csv
  [ ok ] eqtlgen_official_Z.csv  <-  data/derived/eqtlgen_Z.csv

== 2. Render ==
  [ ok ] unified_fig1.py
  [ ok ] unified_fig2.py
  [ ok ] unified_fig3.py
  [FAIL] unified_fig4.py failed — see /out/fig4.log
             z = zipfile.ZipFile(SI)
           File "/opt/conda/envs/twas-eqtl/lib/python3.13/zipfile/__init__.py", line 1383, in __init__
             self.fp = io.open(file, filemode)
                       ~~~~~~~^^^^^^^^^^^^^^^^
         FileNotFoundError: [Errno 2] No such file or directory: 'E:\\workbuddy\\GE投稿资料\\_修订_20260930\\Supporting_Information_GenetEpidemiol_20260930.docx'

== 3. Compare against the recorded hashes ==
  [FAIL] Figure_1.png  a2320405442606e1…  != eb77483eaf518887…
  [FAIL] Figure_2.png  44d6a6080842cead…  != 87ee0eaa83f37309…
  [FAIL] Figure_3.png  3c6ab93aa8ce7106…  != 152f45df76e8d4ab…
  [FAIL] Figure_4.png not produced

  note: the PDFs are byte-identical apart from the embedded /CreationDate
        (4-6 bytes), which is why the comparison is made on the PNGs.

=====================================================================
 RESULT: 5 failure(s). The main figures do not reproduce.
EXIT=1
