=====================================================================
 Genetic Epidemiology main figures — rebuild (Figure 1-4)
 repo      : /work
 data      : /work/data/derived
 output    : /out
 python    : /opt/conda/envs/twas-eqtl/bin/python3
=====================================================================

== 0. Preflight ==
  [ ok ] python module: numpy
  [ ok ] python module: scipy
  [ ok ] python module: matplotlib
  [ ok ] python module: PIL

== 1. Filename view of data/derived/ that the figure scripts read ==
  [ ok ] primary_arm_96pairs_official.csv  <-  data/derived/primary_arm_96pairs.csv
  [ ok ] gtex_official_Z.csv  <-  data/derived/gtex_Z.csv
  [ ok ] scz_z_4arm_official.csv  <-  data/derived/scz_z_4arm.csv
  [ ok ] hk_official_Z.csv  <-  data/derived/hk_official_Z.csv
  [ ok ] eqtlgen_official_Z.csv  <-  data/derived/eqtlgen_Z.csv

== 2. Render ==

  !! No Arial, Helvetica or Liberation Sans on this machine — matplotlib will use
     DejaVu Sans, so the figures below CANNOT match the submitted ones whatever
     the data says. This is a font substitution, not a data or code difference.
     To verify them, supply Arial (proprietary; not redistributable in this image).
     Inside the container that is one mount, e.g.
       docker run ... -v "C:/Windows/Fonts:/mnt/winfonts:ro" ... -c \
         "mkdir -p /usr/share/fonts/truetype/arial && \
          cp /mnt/winfonts/arial*.ttf /usr/share/fonts/truetype/arial/ && \
          rm -rf /root/.cache/matplotlib && bash code/figures/ge_main/reproduce.sh"

  [ ok ] unified_fig1.py
  [ ok ] unified_fig2.py
  [ ok ] unified_fig3.py
  [ ok ] unified_fig4.py

== 3. Compare against the recorded hashes ==
  [FAIL] Figure_1.png  a2320405442606e1…  != eb77483eaf518887…
  [FAIL] Figure_2.png  44d6a6080842cead…  != 87ee0eaa83f37309…
  [FAIL] Figure_3.png  3c6ab93aa8ce7106…  != 152f45df76e8d4ab…
  [FAIL] Figure_4.png  a9282cfb6bec6418…  != f29f2f56da3b6310…

  note: the PDFs are byte-identical apart from the embedded /CreationDate
        (4-6 bytes), which is why the comparison is made on the PNGs.

=====================================================================
 RESULT: 4 failure(s). The main figures do not reproduce.
EXIT=1
