=====================================================================
 Genetic Epidemiology main figures — rebuild (Figure 1-4)
 repo      : /e/workbuddy/eqtl-source-discordance
 data      : /e/workbuddy/eqtl-source-discordance/data/derived
 output    : /e/workbuddy/_host_run/ge_main
 python    : /c/Users/Administrator/.workbuddy/binaries/python/envs/default/Scripts/python.exe
=====================================================================

== 0. Preflight ==
  [ ok ] python module: numpy
  [ ok ] python module: scipy
  [ ok ] python module: matplotlib
  [ ok ] python module: PIL

== 1. Filename view of data/derived/ that the figure scripts read ==
  [ ok ] primary_arm_96pairs_official.csv  <-  data/derived/primary_arm_96pairs.csv
  [ ok ] gtex_official_Z.csv  <-  data/derived/gtex_Z.csv
  [ ok ] scz_z_4arm_official.csv  <-  data/derived/scz_z_4arm.csv
  [ ok ] eqtlgen_official_Z.csv  <-  data/derived/eqtlgen_Z.csv

== 2. Render ==
  [ ok ] Supporting Information: /e/workbuddy/_docker_run/_si.docx   (used by unified_fig4.py)
  [ ok ] unified_fig1.py
  [ ok ] unified_fig2.py
  [ ok ] unified_fig3.py
  [ ok ] unified_fig4.py

== 3. Compare against the recorded hashes ==
  [ ok ] Figure_1.png  eb77483eaf518887…  identical to the submitted figure
  [ ok ] Figure_2.png  87ee0eaa83f37309…  identical to the submitted figure
  [ ok ] Figure_3.png  152f45df76e8d4ab…  identical to the submitted figure
  [ ok ] Figure_4.png  f29f2f56da3b6310…  identical to the submitted figure

  note: the PDFs are byte-identical apart from the embedded /CreationDate
        (4-6 bytes), which is why the comparison is made on the PNGs.

=====================================================================
 RESULT: all four main figures reproduce byte-identically.
 Outputs at: /e/workbuddy/_host_run/ge_main/out
=====================================================================
EXIT=0
